Microchip MPLAB XC8 Compiler V1.45 ()

Linker command line:

-W-3 --edf=/Applications/microchip/xc8/v1.45/dat/en_msgs.txt -cs \
  -h+dist/default/production/ProjectApricot.X.production.sym \
  --cmf=dist/default/production/ProjectApricot.X.production.cmf -z \
  -Q18F4620 -o/tmp/xccJ5qG0i \
  -Mdist/default/production/ProjectApricot.X.production.map -E1 -ver=XC8 \
  -ASTACK=097h-0f7fh -pstack=STACK -ACODE=00h-0FFFFh -ACONST=00h-0FFFFh \
  -ASMALLCONST=01000h-010FFhx240 -AMEDIUMCONST=01000h-0FFFFh \
  -ACOMRAM=01h-07Fh -AABS1=00h-0F7Fh -ABIGRAM=01h-0F7Fh \
  -ARAM=080h-0FFh,0100h-01FFhx14,0F00h-0F7Fh -ABANK0=080h-0FFh \
  -ABANK1=0100h-01FFh -ABANK2=0200h-02FFh -ABANK3=0300h-03FFh \
  -ABANK4=0400h-04FFh -ABANK5=0500h-05FFh -ABANK6=0600h-06FFh \
  -ABANK7=0700h-07FFh -ABANK8=0800h-08FFh -ABANK9=0900h-09FFh \
  -ABANK10=0A00h-0AFFh -ABANK11=0B00h-0BFFh -ABANK12=0C00h-0CFFh \
  -ABANK13=0D00h-0DFFh -ABANK14=0E00h-0EFFh -ABANK15=0F00h-0F7Fh \
  -ASFR=0F80h-0FFFh -preset_vec=00h,intcode,intcodelo,powerup,init \
  -pramtop=01000h -psmallconst=SMALLCONST -pmediumconst=MEDIUMCONST \
  -pconst=CONST -AFARRAM=00h-00h -ACONFIG=0300000h-030000Dh -pconfig=CONFIG \
  -AIDLOC=0200000h-0200007h -pidloc=IDLOC -AEEDATA=0F00000h-0F003FFh \
  -peeprom_data=EEDATA \
  -prdata=COMRAM,nvrram=COMRAM,nvbit=COMRAM,rbss=COMRAM,rbit=COMRAM \
  -pfarbss=FARRAM,fardata=FARRAM,nvFARRAM=FARRAM \
  -pintsave_regs=BIGRAM,bigbss=BIGRAM,bigdata=BIGRAM -pbss=RAM \
  -pidata=CODE,irdata=CODE,ibigdata=CODE,ifardata=CODE -prparam=COMRAM \
  /tmp/xcwnyz7gF.obj \
  dist/default/production/ProjectApricot.X.production.obj 

Object code version is 3.11

Machine type is 18F4620

Call graph: (short form)




                Name                               Link     Load   Length Selector   Space Scale
/tmp/xcwnyz7gF.obj
                init                                  0        0        4        0       0
                idloc                            200000   200000        8   200000       0
                config                           300000   300000        E   300000       0
dist/default/production/ProjectApricot.X.production.obj
                mediumconst                        FDC2     FDC2      23E     7EE1       0
                text17                             D51A     D51A       26     6A8D       0
                text16                             D4F6     D4F6       24     6A7B       0
                text15                             D4D4     D4D4        A     6A6A       0
                text14                             D540     D540       28     6AA0       0
                text13                             DA00     DA00      180     6D00       0
                text12                             D664     D664       50     6B32       0
                text11                             D62C     D62C       38     6B16       0
                text10                             DB80     DB80      30C     6DC0       0
                text9                              D594     D594       32     6ACA       0
                text8                              D792     D792       84     6BC9       0
                text7                              D722     D722       70     6B91       0
                text6                              D6B4     D6B4       6E     6B5A       0
                text5                              D8BE     D8BE      142     6C5F       0
                text4                              D5F8     D5F8       34     6AFC       0
                text3                              E46E     E46E     1954     7237       0
                text2                              D5C6     D5C6       32     6AE3       0
                text1                              D816     D816       A8     6C0B       0
                text0                              DE8C     DE8C      5E2     6F46       0
                cstackCOMRAM                          1        1       76        1       1
                dataBANK0                            80       80       17       80       1
                bssCOMRAM                            77       77        1        1       1
                cinit                              D568     D568       2C     6AB4       0
                idataBANK0                         D4DF     D4DF       17     D4DF       0

TOTAL           Name                               Link     Load   Length     Space
        CLASS   STACK          

        CLASS   CODE           
                init                                  0        0        4         0
                text17                             D51A     D51A       26         0
                text16                             D4F6     D4F6       24         0
                text15                             D4D4     D4D4        A         0
                text14                             D540     D540       28         0
                text13                             DA00     DA00      180         0
                text12                             D664     D664       50         0
                text11                             D62C     D62C       38         0
                text10                             DB80     DB80      30C         0
                text9                              D594     D594       32         0
                text8                              D792     D792       84         0
                text7                              D722     D722       70         0
                text6                              D6B4     D6B4       6E         0
                text5                              D8BE     D8BE      142         0
                text4                              D5F8     D5F8       34         0
                text3                              E46E     E46E     1954         0
                text2                              D5C6     D5C6       32         0
                text1                              D816     D816       A8         0
                text0                              DE8C     DE8C      5E2         0
                cinit                              D568     D568       2C         0
                idataBANK0                         D4DF     D4DF       17         0

        CLASS   CONST          

        CLASS   SMALLCONST     

        CLASS   MEDIUMCONST    
                mediumconst                        FDC2     FDC2      23E         0

        CLASS   COMRAM         
                cstackCOMRAM                          1        1       76         1
                bssCOMRAM                            77       77        1         1

        CLASS   ABS1           

        CLASS   BIGRAM         

        CLASS   RAM            

        CLASS   BANK0          
                dataBANK0                            80       80       17         1

        CLASS   BANK1          

        CLASS   BANK2          

        CLASS   BANK3          

        CLASS   BANK4          

        CLASS   BANK5          

        CLASS   BANK6          

        CLASS   BANK7          

        CLASS   BANK8          

        CLASS   BANK9          

        CLASS   BANK10         

        CLASS   BANK11         

        CLASS   BANK12         

        CLASS   BANK13         

        CLASS   BANK14         

        CLASS   BANK15         

        CLASS   SFR            

        CLASS   FARRAM         

        CLASS   CONFIG         
                config                           300000   300000        E         0

        CLASS   IDLOC          
                idloc                            200000   200000        8         0

        CLASS   EEDATA         



SEGMENTS        Name                           Load    Length   Top    Selector   Space  Class

                reset_vec                      000000  000004  000004         0       0  CODE    
                cstackCOMRAM                   000001  000077  000078         1       1  COMRAM  
                dataBANK0                      000080  000017  000097        80       1  BANK0   
                text15                         00D4D4  00000A  00D4DE      6A6A       0  CODE    
                idataBANK0                     00D4DF  000017  00D4F6      D4DF       0  CODE    
                text16                         00D4F6  000024  00D51A      6A7B       0  CODE    
                text17                         00D51A  000026  00D540      6A8D       0  CODE    
                text14                         00D540  000028  00D568      6AA0       0  CODE    
                cinit                          00D568  00002C  00D594      6AB4       0  CODE    
                text9                          00D594  000032  00D5C6      6ACA       0  CODE    
                text2                          00D5C6  000032  00D5F8      6AE3       0  CODE    
                text4                          00D5F8  000034  00D62C      6AFC       0  CODE    
                text11                         00D62C  000038  00D664      6B16       0  CODE    
                text12                         00D664  000050  00D6B4      6B32       0  CODE    
                text6                          00D6B4  00006E  00D722      6B5A       0  CODE    
                text7                          00D722  000070  00D792      6B91       0  CODE    
                text8                          00D792  000084  00D816      6BC9       0  CODE    
                text1                          00D816  0000A8  00D8BE      6C0B       0  CODE    
                text5                          00D8BE  000142  00DA00      6C5F       0  CODE    
                text13                         00DA00  000180  00DB80      6D00       0  CODE    
                text10                         00DB80  00030C  00DE8C      6DC0       0  CODE    
                text0                          00DE8C  0005E2  00E46E      6F46       0  CODE    
                text3                          00E46E  001954  00FDC2      7237       0  CODE    
                mediumconst                    00FDC2  00023E  010000      7EE1       0  MEDIUMCO
                idloc                          200000  000008  200008    200000       0  IDLOC   
                config                         300000  00000E  30000E    300000       0  CONFIG  


UNUSED ADDRESS RANGES

        Name                Unused          Largest block    Delta
        BANK0            000097-0000FF               69
        BANK1            000100-0001FF              100
        BANK10           000A00-000AFF              100
        BANK11           000B00-000BFF              100
        BANK12           000C00-000CFF              100
        BANK13           000D00-000DFF              100
        BANK14           000E00-000EFF              100
        BANK15           000F00-000F7F               80
        BANK2            000200-0002FF              100
        BANK3            000300-0003FF              100
        BANK4            000400-0004FF              100
        BANK5            000500-0005FF              100
        BANK6            000600-0006FF              100
        BANK7            000700-0007FF              100
        BANK8            000800-0008FF              100
        BANK9            000900-0009FF              100
        BIGRAM           000078-00007F                8
                         000097-000F7F              EE9
        CODE             000004-00D4D3             D4D0
                         00D4DE-00D4DE                1
        COMRAM           000078-00007F                8
        CONST            000004-00D4D3             D4D0
                         00D4DE-00D4DE                1
        EEDATA           F00000-F003FF              400
        MEDIUMCONST      001000-00D4D3             C4D4
                         00D4DE-00D4DE                1
        RAM              000097-000F7F              100
        SFR              000F80-000FFF               80
        SMALLCONST       001000-00D4D3              100
                         00D4DE-00D4DE                1
        STACK            000097-000F7F              EE9

                                  Symbol Table

?___awdiv                           cstackCOMRAM 000007
?___awmod                           cstackCOMRAM 000001
?___wmul                            cstackCOMRAM 000001
?_new_px_char                       cstackCOMRAM 000001
?_px_map                            cstackCOMRAM 000011
GLCD_PIC@INST_CASET                 mediumconst  00FFB8
GLCD_PIC@INST_COLMOD                mediumconst  00FFAF
GLCD_PIC@INST_DISPON                mediumconst  00FFB9
GLCD_PIC@INST_FRMCTR1               mediumconst  00FFAE
GLCD_PIC@INST_FRMCTR2               mediumconst  00FFAD
GLCD_PIC@INST_FRMCTR3               mediumconst  00FFAC
GLCD_PIC@INST_GAMSET                mediumconst  00FFBB
GLCD_PIC@INST_IDMOFF                mediumconst  00FFB1
GLCD_PIC@INST_INVCTR                mediumconst  00FFAB
GLCD_PIC@INST_INVOFF                mediumconst  00FFBD
GLCD_PIC@INST_MADCTL                mediumconst  00FFB2
GLCD_PIC@INST_NORON                 mediumconst  00FFBE
GLCD_PIC@INST_PWCTR1                mediumconst  00FFAA
GLCD_PIC@INST_PWCTR2                mediumconst  00FFA9
GLCD_PIC@INST_PWCTR3                mediumconst  00FFA8
GLCD_PIC@INST_PWCTR4                mediumconst  00FFA7
GLCD_PIC@INST_PWCTR5                mediumconst  00FFA6
GLCD_PIC@INST_RAMWR                 mediumconst  00FFB6
GLCD_PIC@INST_RASET                 mediumconst  00FFB7
GLCD_PIC@INST_SLPOUT                mediumconst  00FFC0
GLCD_PIC@INST_SWRESET               mediumconst  00FFC2
GLCD_PIC@INST_VMCTR1                mediumconst  00FFA5
_ADCON0                             (abs)        000FC2
_ADCON1                             (abs)        000FC1
_BLACK                              mediumconst  00FFA0
_BLUE                               mediumconst  00FF84
_GLCD_ADDRESSABLE_SIZE_HORZ         mediumconst  00FFE7
_GLCD_ADDRESSABLE_SIZE_VERT         mediumconst  00FFE6
_GLCD_SIZE_HORZ                     mediumconst  00FFE5
_GLCD_SIZE_VERT                     mediumconst  00FFE4
_GREEN                              mediumconst  00FF88
_GREY                               mediumconst  00FF9C
_INDIGO                             mediumconst  00FF80
_LATA                               (abs)        000F89
_LATB                               (abs)        000F8A
_LATC                               (abs)        000F8B
_LATD                               (abs)        000F8C
_LATDbits                           (abs)        000F8C
_LATE                               (abs)        000F8D
_MADCTLbits                         bssCOMRAM    000077
_ORANGE                             mediumconst  00FF90
_RED                                mediumconst  00FF94
_SSPBUF                             (abs)        000FC9
_SSPCON1                            (abs)        000FC6
_SSPCON1bits                        (abs)        000FC6
_SSPIF                              (abs)        007CF3
_SSPSTAT                            (abs)        000FC7
_SSPSTATbits                        (abs)        000FC7
_TRISA                              (abs)        000F92
_TRISB                              (abs)        000F93
_TRISC                              (abs)        000F94
_TRISCbits                          (abs)        000F94
_TRISD                              (abs)        000F95
_TRISDbits                          (abs)        000F95
_TRISE                              (abs)        000F96
_VIOLET                             mediumconst  00FF7C
_WHITE                              mediumconst  00FF98
_YELLOW                             mediumconst  00FF8C
__CFG_BOREN$SBORDIS                 (abs)        000000
__CFG_BORV$3                        (abs)        000000
__CFG_CCP2MX$PORTC                  (abs)        000000
__CFG_CP0$OFF                       (abs)        000000
__CFG_CP1$OFF                       (abs)        000000
__CFG_CP2$OFF                       (abs)        000000
__CFG_CP3$OFF                       (abs)        000000
__CFG_CPB$OFF                       (abs)        000000
__CFG_CPD$ON                        (abs)        000000
__CFG_EBTR0$OFF                     (abs)        000000
__CFG_EBTR1$OFF                     (abs)        000000
__CFG_EBTR2$OFF                     (abs)        000000
__CFG_EBTR3$OFF                     (abs)        000000
__CFG_EBTRB$OFF                     (abs)        000000
__CFG_FCMEN$OFF                     (abs)        000000
__CFG_IESO$OFF                      (abs)        000000
__CFG_LPT1OSC$OFF                   (abs)        000000
__CFG_LVP$OFF                       (abs)        000000
__CFG_MCLRE$ON                      (abs)        000000
__CFG_OSC$HSPLL                     (abs)        000000
__CFG_PBADEN$ON                     (abs)        000000
__CFG_PWRT$OFF                      (abs)        000000
__CFG_STVREN$ON                     (abs)        000000
__CFG_WDT$OFF                       (abs)        000000
__CFG_WDTPS$32768                   (abs)        000000
__CFG_WRT0$OFF                      (abs)        000000
__CFG_WRT1$OFF                      (abs)        000000
__CFG_WRT2$OFF                      (abs)        000000
__CFG_WRT3$OFF                      (abs)        000000
__CFG_WRTB$OFF                      (abs)        000000
__CFG_WRTC$OFF                      (abs)        000000
__CFG_WRTD$OFF                      (abs)        000000
__CFG_XINST$OFF                     (abs)        000000
__HRAM                              (abs)        000000
__Habs1                             abs1         000000
__Hbank0                            bank0        000000
__Hbank1                            bank1        000000
__Hbank10                           bank10       000000
__Hbank11                           bank11       000000
__Hbank12                           bank12       000000
__Hbank13                           bank13       000000
__Hbank14                           bank14       000000
__Hbank15                           bank15       000000
__Hbank2                            bank2        000000
__Hbank3                            bank3        000000
__Hbank4                            bank4        000000
__Hbank5                            bank5        000000
__Hbank6                            bank6        000000
__Hbank7                            bank7        000000
__Hbank8                            bank8        000000
__Hbank9                            bank9        000000
__Hbigbss                           bigbss       000000
__Hbigdata                          bigdata      000000
__Hbigram                           bigram       000000
__Hbss                              bss          000000
__HbssCOMRAM                        bssCOMRAM    000000
__Hcinit                            cinit        000000
__Hclrtext                          clrtext      000000
__Hcomram                           comram       000000
__Hconfig                           config       30000E
__Hconst                            const        000000
__HcstackCOMRAM                     cstackCOMRAM 000000
__Hdata                             data         000000
__HdataBANK0                        dataBANK0    000000
__Heeprom_data                      eeprom_data  000000
__Hfarbss                           farbss       000000
__Hfardata                          fardata      000000
__Hibigdata                         ibigdata     000000
__Hidata                            idata        000000
__HidataBANK0                       idataBANK0   000000
__Hidloc                            idloc        200008
__Hifardata                         ifardata     000000
__Hinit                             init         000004
__Hintcode                          intcode      000000
__Hintcode_body                     intcode_body 000000
__Hintcodelo                        intcodelo    000000
__Hintentry                         intentry     000000
__Hintret                           intret       000000
__Hintsave_regs                     intsave_regs 000000
__Hirdata                           irdata       000000
__Hmediumconst                      mediumconst  010000
__HnvFARRAM                         nvFARRAM     000000
__Hnvbit                            nvbit        000000
__Hnvrram                           nvrram       000000
__Hparam                            rparam       000000
__Hpowerup                          powerup      000000
__Hram                              ram          000000
__Hramtop                           ramtop       001000
__Hrbit                             rbit         000000
__Hrbss                             rbss         000000
__Hrdata                            rdata        000000
__Hreset_vec                        reset_vec    000000
__Hrparam                           rparam       000000
__Hsfr                              sfr          000000
__Hsmallconst                       smallconst   000000
__Hspace_0                          (abs)        30000E
__Hspace_1                          (abs)        000097
__Hspace_2                          (abs)        000000
__Hstack                            stack        000000
__Hstruct                           struct       000000
__Htemp                             temp         000000
__Htext                             text         000000
__Htext0                            text0        000000
__Htext1                            text1        000000
__Htext10                           text10       000000
__Htext11                           text11       000000
__Htext12                           text12       000000
__Htext13                           text13       000000
__Htext14                           text14       000000
__Htext15                           text15       000000
__Htext16                           text16       000000
__Htext17                           text17       000000
__Htext2                            text2        000000
__Htext3                            text3        000000
__Htext4                            text4        000000
__Htext5                            text5        000000
__Htext6                            text6        000000
__Htext7                            text7        000000
__Htext8                            text8        000000
__Htext9                            text9        000000
__LRAM                              (abs)        000001
__Labs1                             abs1         000000
__Lbank0                            bank0        000000
__Lbank1                            bank1        000000
__Lbank10                           bank10       000000
__Lbank11                           bank11       000000
__Lbank12                           bank12       000000
__Lbank13                           bank13       000000
__Lbank14                           bank14       000000
__Lbank15                           bank15       000000
__Lbank2                            bank2        000000
__Lbank3                            bank3        000000
__Lbank4                            bank4        000000
__Lbank5                            bank5        000000
__Lbank6                            bank6        000000
__Lbank7                            bank7        000000
__Lbank8                            bank8        000000
__Lbank9                            bank9        000000
__Lbigbss                           bigbss       000000
__Lbigdata                          bigdata      000000
__Lbigram                           bigram       000000
__Lbss                              bss          000000
__LbssCOMRAM                        bssCOMRAM    000000
__Lcinit                            cinit        000000
__Lclrtext                          clrtext      000000
__Lcomram                           comram       000000
__Lconfig                           config       300000
__Lconst                            const        000000
__LcstackCOMRAM                     cstackCOMRAM 000000
__Ldata                             data         000000
__LdataBANK0                        dataBANK0    000000
__Leeprom_data                      eeprom_data  000000
__Lfarbss                           farbss       000000
__Lfardata                          fardata      000000
__Libigdata                         ibigdata     000000
__Lidata                            idata        000000
__LidataBANK0                       idataBANK0   000000
__Lidloc                            idloc        200000
__Lifardata                         ifardata     000000
__Linit                             init         000000
__Lintcode                          intcode      000000
__Lintcode_body                     intcode_body 000000
__Lintcodelo                        intcodelo    000000
__Lintentry                         intentry     000000
__Lintret                           intret       000000
__Lintsave_regs                     intsave_regs 000000
__Lirdata                           irdata       000000
__Lmediumconst                      mediumconst  00FDC2
__LnvFARRAM                         nvFARRAM     000000
__Lnvbit                            nvbit        000000
__Lnvrram                           nvrram       000000
__Lparam                            rparam       000000
__Lpowerup                          powerup      000000
__Lram                              ram          000000
__Lramtop                           ramtop       001000
__Lrbit                             rbit         000000
__Lrbss                             rbss         000000
__Lrdata                            rdata        000000
__Lreset_vec                        reset_vec    000000
__Lrparam                           rparam       000000
__Lsfr                              sfr          000000
__Lsmallconst                       smallconst   000000
__Lspace_0                          (abs)        000000
__Lspace_1                          (abs)        000000
__Lspace_2                          (abs)        000000
__Lstack                            stack        000000
__Lstruct                           struct       000000
__Ltemp                             temp         000000
__Ltext                             text         000000
__Ltext0                            text0        000000
__Ltext1                            text1        000000
__Ltext10                           text10       000000
__Ltext11                           text11       000000
__Ltext12                           text12       000000
__Ltext13                           text13       000000
__Ltext14                           text14       000000
__Ltext15                           text15       000000
__Ltext16                           text16       000000
__Ltext17                           text17       000000
__Ltext2                            text2        000000
__Ltext3                            text3        000000
__Ltext4                            text4        000000
__Ltext5                            text5        000000
__Ltext6                            text6        000000
__Ltext7                            text7        000000
__Ltext8                            text8        000000
__Ltext9                            text9        000000
__S0                                (abs)        30000E
__S1                                (abs)        000097
__S2                                (abs)        000000
___awdiv                            text8        00D792
___awdiv@counter                    cstackCOMRAM 00000B
___awdiv@dividend                   cstackCOMRAM 000007
___awdiv@divisor                    cstackCOMRAM 000009
___awdiv@quotient                   cstackCOMRAM 00000D
___awdiv@sign                       cstackCOMRAM 00000C
___awmod                            text7        00D722
___awmod@counter                    cstackCOMRAM 000005
___awmod@dividend                   cstackCOMRAM 000001
___awmod@divisor                    cstackCOMRAM 000003
___awmod@sign                       cstackCOMRAM 000006
___inthi_sp                         stack        000000
___intlo_sp                         stack        000000
___param_bank                       (abs)        000000
___rparam_used                      (abs)        000001
___sp                               stack        000000
___wmul                             text17       00D51A
___wmul@multiplicand                cstackCOMRAM 000003
___wmul@multiplier                  cstackCOMRAM 000001
___wmul@product                     cstackCOMRAM 000005
__accesstop                         (abs)        000080
__activetblptr                      (abs)        000002
__end_ofGLCD_PIC@INST_CASET         mediumconst  00FFB9
__end_ofGLCD_PIC@INST_COLMOD        mediumconst  00FFB0
__end_ofGLCD_PIC@INST_DISPOFF       mediumconst  00FFBB
__end_ofGLCD_PIC@INST_DISPON        mediumconst  00FFBA
__end_ofGLCD_PIC@INST_FRMCTR1       mediumconst  00FFAF
__end_ofGLCD_PIC@INST_FRMCTR2       mediumconst  00FFAE
__end_ofGLCD_PIC@INST_FRMCTR3       mediumconst  00FFAD
__end_ofGLCD_PIC@INST_GAMSET        mediumconst  00FFBC
__end_ofGLCD_PIC@INST_IDMOFF        mediumconst  00FFB2
__end_ofGLCD_PIC@INST_IDMON         mediumconst  00FFB1
__end_ofGLCD_PIC@INST_INVCTR        mediumconst  00FFAC
__end_ofGLCD_PIC@INST_INVOFF        mediumconst  00FFBE
__end_ofGLCD_PIC@INST_INVON         mediumconst  00FFBD
__end_ofGLCD_PIC@INST_MADCTL        mediumconst  00FFB3
__end_ofGLCD_PIC@INST_NOP           mediumconst  00FFC4
__end_ofGLCD_PIC@INST_NORON         mediumconst  00FFBF
__end_ofGLCD_PIC@INST_PTLAR         mediumconst  00FFB6
__end_ofGLCD_PIC@INST_PTLON         mediumconst  00FFC0
__end_ofGLCD_PIC@INST_PWCTR1        mediumconst  00FFAB
__end_ofGLCD_PIC@INST_PWCTR2        mediumconst  00FFAA
__end_ofGLCD_PIC@INST_PWCTR3        mediumconst  00FFA9
__end_ofGLCD_PIC@INST_PWCTR4        mediumconst  00FFA8
__end_ofGLCD_PIC@INST_PWCTR5        mediumconst  00FFA7
__end_ofGLCD_PIC@INST_RAMWR         mediumconst  00FFB7
__end_ofGLCD_PIC@INST_RASET         mediumconst  00FFB8
__end_ofGLCD_PIC@INST_SLPIN         mediumconst  00FFC2
__end_ofGLCD_PIC@INST_SLPOUT        mediumconst  00FFC1
__end_ofGLCD_PIC@INST_SWRESET       mediumconst  00FFC3
__end_ofGLCD_PIC@INST_TEOFF         mediumconst  00FFB5
__end_ofGLCD_PIC@INST_TEON          mediumconst  00FFB4
__end_ofGLCD_PIC@INST_VMCTR1        mediumconst  00FFA6
__end_ofGLCD_PIC@INST_VMOFCTR2      mediumconst  00FFA5
__end_of_BLACK                      mediumconst  00FFA4
__end_of_BLUE                       mediumconst  00FF88
__end_of_GLCD_ADDRESSABLE_SIZE_HORZ mediumconst  00FFE8
__end_of_GLCD_ADDRESSABLE_SIZE_VERT mediumconst  00FFE7
__end_of_GLCD_SIZE_HORZ             mediumconst  00FFE6
__end_of_GLCD_SIZE_VERT             mediumconst  00FFE5
__end_of_GREEN                      mediumconst  00FF8C
__end_of_GREY                       mediumconst  00FFA0
__end_of_INDIGO                     mediumconst  00FF84
__end_of_INST_CASET                 mediumconst  00FFD9
__end_of_INST_COLMOD                mediumconst  00FFD0
__end_of_INST_DISPOFF               mediumconst  00FFDB
__end_of_INST_DISPON                mediumconst  00FFDA
__end_of_INST_FRMCTR1               mediumconst  00FFCF
__end_of_INST_FRMCTR2               mediumconst  00FFCE
__end_of_INST_FRMCTR3               mediumconst  00FFCD
__end_of_INST_GAMSET                mediumconst  00FFDC
__end_of_INST_IDMOFF                mediumconst  00FFD2
__end_of_INST_IDMON                 mediumconst  00FFD1
__end_of_INST_INVCTR                mediumconst  00FFCC
__end_of_INST_INVOFF                mediumconst  00FFDE
__end_of_INST_INVON                 mediumconst  00FFDD
__end_of_INST_MADCTL                mediumconst  00FFD3
__end_of_INST_NOP                   mediumconst  00FFE4
__end_of_INST_NORON                 mediumconst  00FFDF
__end_of_INST_PTLAR                 mediumconst  00FFD6
__end_of_INST_PTLON                 mediumconst  00FFE0
__end_of_INST_PWCTR1                mediumconst  00FFCB
__end_of_INST_PWCTR2                mediumconst  00FFCA
__end_of_INST_PWCTR3                mediumconst  00FFC9
__end_of_INST_PWCTR4                mediumconst  00FFC8
__end_of_INST_PWCTR5                mediumconst  00FFC7
__end_of_INST_RAMWR                 mediumconst  00FFD7
__end_of_INST_RASET                 mediumconst  00FFD8
__end_of_INST_SLPIN                 mediumconst  00FFE2
__end_of_INST_SLPOUT                mediumconst  00FFE1
__end_of_INST_SWRESET               mediumconst  00FFE3
__end_of_INST_TEOFF                 mediumconst  00FFD5
__end_of_INST_TEON                  mediumconst  00FFD4
__end_of_INST_VMCTR1                mediumconst  00FFC6
__end_of_INST_VMOFCTR2              mediumconst  00FFC5
__end_of_ORANGE                     mediumconst  00FF94
__end_of_RED                        mediumconst  00FF98
__end_of_VIOLET                     mediumconst  00FF80
__end_of_WHITE                      mediumconst  00FF9C
__end_of_YELLOW                     mediumconst  00FF90
__end_of___awdiv                    text8        00D816
__end_of___awmod                    text7        00D792
__end_of___wmul                     text17       00D540
__end_of__initialization            cinit        00D58A
__end_of_draw_px_char               text5        00DA00
__end_of_glcdDrawPixel              text6        00D722
__end_of_glcdDrawRectangle          text13       00DB80
__end_of_glcdSetCOLMOD              text12       00D6B4
__end_of_glcdTransfer               text14       00D568
__end_of_init                       text9        00D5C6
__end_of_initGLCD                   text10       00DE8C
__end_of_main                       text0        00E46E
__end_of_new_px_char                text4        00D62C
__end_of_print_px_char              text2        00D5F8
__end_of_print_px_string            text1        00D8BE
__end_of_px_map                     text3        00FDC2
__end_of_qr                         mediumconst  00FF7C
__end_of_spiInit                    text11       00D664
__end_of_spiSend                    text15       00D4DE
__end_of_spiTransfer                text16       00D51A
__initialization                    cinit        00D568
__mediumconst                       mediumconst  00FDC2
__pbssCOMRAM                        bssCOMRAM    000077
__pcinit                            cinit        00D568
__pcstackCOMRAM                     cstackCOMRAM 000001
__pdataBANK0                        dataBANK0    000080
__pidataBANK0                       idataBANK0   00D4DF
__pmediumconst                      mediumconst  00FDC2
__ptext0                            text0        00DE8C
__ptext1                            text1        00D816
__ptext10                           text10       00DB80
__ptext11                           text11       00D62C
__ptext12                           text12       00D664
__ptext13                           text13       00DA00
__ptext14                           text14       00D540
__ptext15                           text15       00D4D4
__ptext16                           text16       00D4F6
__ptext17                           text17       00D51A
__ptext2                            text2        00D5C6
__ptext3                            text3        00E46E
__ptext4                            text4        00D5F8
__ptext5                            text5        00D8BE
__ptext6                            text6        00D6B4
__ptext7                            text7        00D722
__ptext8                            text8        00D792
__ptext9                            text9        00D594
__ramtop                            ramtop       001000
__size_of___awdiv                   (abs)        000000
__size_of___awmod                   (abs)        000000
__size_of___wmul                    (abs)        000000
__size_of_draw_px_char              (abs)        000000
__size_of_glcdDrawPixel             (abs)        000000
__size_of_glcdDrawRectangle         (abs)        000000
__size_of_glcdSetCOLMOD             (abs)        000000
__size_of_glcdTransfer              (abs)        000000
__size_of_init                      (abs)        000000
__size_of_initGLCD                  (abs)        000000
__size_of_main                      (abs)        000000
__size_of_new_px_char               (abs)        000000
__size_of_print_px_char             (abs)        000000
__size_of_print_px_string           (abs)        000000
__size_of_px_map                    (abs)        000000
__size_of_spiInit                   (abs)        000000
__size_of_spiSend                   (abs)        000000
__size_of_spiTransfer               (abs)        000000
__smallconst                        smallconst   000000
_draw_px_char                       text5        00D8BE
_glcdDrawPixel                      text6        00D6B4
_glcdDrawRectangle                  text13       00DA00
_glcdSetCOLMOD                      text12       00D664
_glcdTransfer                       text14       00D540
_init                               text9        00D594
_initGLCD                           text10       00DB80
_main                               text0        00DE8C
_main$1155                          cstackCOMRAM 000065
_main$137                           cstackCOMRAM 000067
_new_px_char                        text4        00D5F8
_print_px_char                      text2        00D5C6
_print_px_string                    text1        00D816
_print_px_string$1156               cstackCOMRAM 000044
_px_map                             text3        00E46E
_qr                                 mediumconst  00FDC3
_spiInit                            text11       00D62C
_spiSend                            text15       00D4D4
_spiTransfer                        text16       00D4F6
draw_px_char@i                      cstackCOMRAM 000035
draw_px_char@m                      cstackCOMRAM 000031
draw_px_char@p                      cstackCOMRAM 000025
draw_px_char@x                      cstackCOMRAM 000021
draw_px_char@y                      cstackCOMRAM 000023
end_of_initialization               cinit        00D58A
glcdDrawPixel@XS                    cstackCOMRAM 000020
glcdDrawPixel@YS                    cstackCOMRAM 00001A
glcdDrawPixel@color                 cstackCOMRAM 00001B
glcdDrawRectangle@XE                cstackCOMRAM 000007
glcdDrawRectangle@XS                cstackCOMRAM 000019
glcdDrawRectangle@YE                cstackCOMRAM 000009
glcdDrawRectangle@YS                cstackCOMRAM 000008
glcdDrawRectangle@color             cstackCOMRAM 00000A
glcdDrawRectangle@colorData         cstackCOMRAM 000016
glcdDrawRectangle@i                 cstackCOMRAM 000014
glcdDrawRectangle@numLoops          cstackCOMRAM 000012
glcdSetCOLMOD@numBitsPerPixel       cstackCOMRAM 000007
glcdSetCOLMOD@rawData               cstackCOMRAM 000008
glcdTransfer@byte                   cstackCOMRAM 000006
glcdTransfer@cmd                    cstackCOMRAM 000004
intlevel0                           text         000000
intlevel1                           text         000000
intlevel2                           text         000000
intlevel3                           text         000000
main@F3036                          dataBANK0    000080
main@blocksize                      cstackCOMRAM 000075
main@endx                           cstackCOMRAM 000061
main@endy                           cstackCOMRAM 000063
main@eta                            cstackCOMRAM 00004A
main@i                              cstackCOMRAM 00006F
main@j                              cstackCOMRAM 00006D
main@sec                            cstackCOMRAM 00006B
main@startx                         cstackCOMRAM 000071
main@starty                         cstackCOMRAM 000073
new_px_char@a                       cstackCOMRAM 000001
new_px_char@b                       cstackCOMRAM 000005
new_px_char@p                       cstackCOMRAM 000009
print_px_char@c                     cstackCOMRAM 00003B
print_px_char@x                     cstackCOMRAM 000037
print_px_char@y                     cstackCOMRAM 000039
print_px_string@idx                 cstackCOMRAM 000046
print_px_string@s                   cstackCOMRAM 000040
print_px_string@x                   cstackCOMRAM 00003C
print_px_string@y                   cstackCOMRAM 00003E
px_map@c                            cstackCOMRAM 00001A
spiInit@divider                     cstackCOMRAM 000001
spiSend@val                         cstackCOMRAM 000003
spiTransfer@byteToTransfer          cstackCOMRAM 000002
stackhi                             (abs)        000F7F
stacklo                             (abs)        000097
start                               init         000000
start_initialization                cinit        00D568


FUNCTION INFORMATION:

 *************** function _main *****************
 Defined at:
		line 95 in file "main.c"
 Parameters:    Size  Location     Type
		None
 Auto vars:     Size  Location     Type
  i               2  110[COMRAM] int 
  j               2  108[COMRAM] int 
  eta            23   73[COMRAM] unsigned char [23]
  blocksize       2  116[COMRAM] int 
  starty          2  114[COMRAM] int 
  startx          2  112[COMRAM] int 
  sec             2  106[COMRAM] int 
  endy            2   98[COMRAM] int 
  endx            2   96[COMRAM] int 
 Return value:  Size  Location     Type
                  1    wreg      void 
 Registers used:
		wreg, fsr0l, fsr0h, fsr1l, fsr1h, fsr2l, fsr2h, status,2, status,0, tblptrl, tblptrh, tblptru, prodl, prodh, cstack
 Tracked objects:
		On entry : 
		On exit  : 
		Unchanged: 
 Data sizes:     COMRAM   BANK0   BANK1   BANK2   BANK3   BANK4   BANK5   BANK6   BANK7   BANK8   BANK9  BANK10  BANK11  BANK12  BANK13  BANK14  BANK15
      Params:         0       0       0       0       0       0       0       0       0       0       0       0       0       0       0       0       0
      Locals:        45       0       0       0       0       0       0       0       0       0       0       0       0       0       0       0       0
      Temps:          2       0       0       0       0       0       0       0       0       0       0       0       0       0       0       0       0
      Totals:        47       0       0       0       0       0       0       0       0       0       0       0       0       0       0       0       0
Total ram usage:       47 bytes
 Hardware stack levels required when called:    8
 This function calls:
		___awdiv
		___awmod
		___wmul
		_glcdDrawRectangle
		_init
		_print_px_string
 This function is called by:
		Startup code after reset
 This function uses a non-reentrant model


 *************** function _print_px_string *****************
 Defined at:
		line 126 in file "px_ascii.c"
 Parameters:    Size  Location     Type
  x               2   59[COMRAM] int 
  y               2   61[COMRAM] int 
  s               2   63[COMRAM] PTR unsigned char 
		 -> main@eta(23), STR_1(23), 
 Auto vars:     Size  Location     Type
  idx             2   69[COMRAM] int 
 Return value:  Size  Location     Type
                  1    wreg      void 
 Registers used:
		wreg, fsr0l, fsr0h, fsr2l, fsr2h, status,2, status,0, tblptrl, tblptrh, tblptru, prodl, prodh, cstack
 Tracked objects:
		On entry : 
		On exit  : 
		Unchanged: 
 Data sizes:     COMRAM   BANK0   BANK1   BANK2   BANK3   BANK4   BANK5   BANK6   BANK7   BANK8   BANK9  BANK10  BANK11  BANK12  BANK13  BANK14  BANK15
      Params:         6       0       0       0       0       0       0       0       0       0       0       0       0       0       0       0       0
      Locals:         4       0       0       0       0       0       0       0       0       0       0       0       0       0       0       0       0
      Temps:          2       0       0       0       0       0       0       0       0       0       0       0       0       0       0       0       0
      Totals:        12       0       0       0       0       0       0       0       0       0       0       0       0       0       0       0       0
Total ram usage:       12 bytes
 Hardware stack levels used:    1
 Hardware stack levels required when called:    7
 This function calls:
		___wmul
		_print_px_char
 This function is called by:
		_main
 This function uses a non-reentrant model


 *************** function _print_px_char *****************
 Defined at:
		line 122 in file "px_ascii.c"
 Parameters:    Size  Location     Type
  x               2   54[COMRAM] int 
  y               2   56[COMRAM] int 
  c               1   58[COMRAM] unsigned char 
 Auto vars:     Size  Location     Type
		None
 Return value:  Size  Location     Type
                  1    wreg      void 
 Registers used:
		wreg, fsr0l, fsr0h, fsr2l, fsr2h, status,2, status,0, tblptrl, tblptrh, tblptru, prodl, prodh, cstack
 Tracked objects:
		On entry : 
		On exit  : 
		Unchanged: 
 Data sizes:     COMRAM   BANK0   BANK1   BANK2   BANK3   BANK4   BANK5   BANK6   BANK7   BANK8   BANK9  BANK10  BANK11  BANK12  BANK13  BANK14  BANK15
      Params:         5       0       0       0       0       0       0       0       0       0       0       0       0       0       0       0       0
      Locals:         0       0       0       0       0       0       0       0       0       0       0       0       0       0       0       0       0
      Temps:          0       0       0       0       0       0       0       0       0       0       0       0       0       0       0       0       0
      Totals:         5       0       0       0       0       0       0       0       0       0       0       0       0       0       0       0       0
Total ram usage:        5 bytes
 Hardware stack levels used:    1
 Hardware stack levels required when called:    6
 This function calls:
		_draw_px_char
		_px_map
 This function is called by:
		_print_px_string
 This function uses a non-reentrant model


 *************** function _px_map *****************
 Defined at:
		line 19 in file "px_ascii.c"
 Parameters:    Size  Location     Type
  c               1    wreg     unsigned char 
 Auto vars:     Size  Location     Type
  c               1   25[COMRAM] unsigned char 
 Return value:  Size  Location     Type
                  8   16[COMRAM] struct .
 Registers used:
		wreg, fsr0l, fsr0h, fsr2l, fsr2h, status,2, status,0, cstack
 Tracked objects:
		On entry : 
		On exit  : 
		Unchanged: 
 Data sizes:     COMRAM   BANK0   BANK1   BANK2   BANK3   BANK4   BANK5   BANK6   BANK7   BANK8   BANK9  BANK10  BANK11  BANK12  BANK13  BANK14  BANK15
      Params:         9       0       0       0       0       0       0       0       0       0       0       0       0       0       0       0       0
      Locals:         1       0       0       0       0       0       0       0       0       0       0       0       0       0       0       0       0
      Temps:          0       0       0       0       0       0       0       0       0       0       0       0       0       0       0       0       0
      Totals:        10       0       0       0       0       0       0       0       0       0       0       0       0       0       0       0       0
Total ram usage:       10 bytes
 Hardware stack levels used:    1
 Hardware stack levels required when called:    1
 This function calls:
		_new_px_char
 This function is called by:
		_print_px_char
 This function uses a non-reentrant model


 *************** function _new_px_char *****************
 Defined at:
		line 12 in file "px_ascii.c"
 Parameters:    Size  Location     Type
  a               4    0[COMRAM] unsigned long 
  b               4    4[COMRAM] unsigned long 
 Auto vars:     Size  Location     Type
  p               8    8[COMRAM] struct .
 Return value:  Size  Location     Type
                  8    0[COMRAM] struct .
 Registers used:
		wreg, fsr0l, fsr0h, fsr2l, fsr2h, status,2, status,0
 Tracked objects:
		On entry : 
		On exit  : 
		Unchanged: 
 Data sizes:     COMRAM   BANK0   BANK1   BANK2   BANK3   BANK4   BANK5   BANK6   BANK7   BANK8   BANK9  BANK10  BANK11  BANK12  BANK13  BANK14  BANK15
      Params:         8       0       0       0       0       0       0       0       0       0       0       0       0       0       0       0       0
      Locals:         8       0       0       0       0       0       0       0       0       0       0       0       0       0       0       0       0
      Temps:          0       0       0       0       0       0       0       0       0       0       0       0       0       0       0       0       0
      Totals:        16       0       0       0       0       0       0       0       0       0       0       0       0       0       0       0       0
Total ram usage:       16 bytes
 Hardware stack levels used:    1
 This function calls:
		Nothing
 This function is called by:
		_px_map
 This function uses a non-reentrant model


 *************** function _draw_px_char *****************
 Defined at:
		line 61 in file "main.c"
 Parameters:    Size  Location     Type
  x               2   32[COMRAM] int 
  y               2   34[COMRAM] int 
  p               8   36[COMRAM] struct .
 Auto vars:     Size  Location     Type
  i               2   52[COMRAM] int 
  m               4   48[COMRAM] unsigned long 
 Return value:  Size  Location     Type
                  1    wreg      void 
 Registers used:
		wreg, status,2, status,0, tblptrl, tblptrh, tblptru, prodl, prodh, cstack
 Tracked objects:
		On entry : 
		On exit  : 
		Unchanged: 
 Data sizes:     COMRAM   BANK0   BANK1   BANK2   BANK3   BANK4   BANK5   BANK6   BANK7   BANK8   BANK9  BANK10  BANK11  BANK12  BANK13  BANK14  BANK15
      Params:        12       0       0       0       0       0       0       0       0       0       0       0       0       0       0       0       0
      Locals:         6       0       0       0       0       0       0       0       0       0       0       0       0       0       0       0       0
      Temps:          4       0       0       0       0       0       0       0       0       0       0       0       0       0       0       0       0
      Totals:        22       0       0       0       0       0       0       0       0       0       0       0       0       0       0       0       0
Total ram usage:       22 bytes
 Hardware stack levels used:    1
 Hardware stack levels required when called:    5
 This function calls:
		___awdiv
		___awmod
		_glcdDrawPixel
 This function is called by:
		_print_px_char
 This function uses a non-reentrant model


 *************** function _glcdDrawPixel *****************
 Defined at:
		line 147 in file "GLCD_PIC_V1.1.c"
 Parameters:    Size  Location     Type
  XS              1    wreg     unsigned char 
  YS              1   25[COMRAM] unsigned char 
  color           4   26[COMRAM] unsigned long 
 Auto vars:     Size  Location     Type
  XS              1   31[COMRAM] unsigned char 
 Return value:  Size  Location     Type
                  1    wreg      void 
 Registers used:
		wreg, status,2, status,0, tblptrl, tblptrh, tblptru, prodl, prodh, cstack
 Tracked objects:
		On entry : 
		On exit  : 
		Unchanged: 
 Data sizes:     COMRAM   BANK0   BANK1   BANK2   BANK3   BANK4   BANK5   BANK6   BANK7   BANK8   BANK9  BANK10  BANK11  BANK12  BANK13  BANK14  BANK15
      Params:         5       0       0       0       0       0       0       0       0       0       0       0       0       0       0       0       0
      Locals:         1       0       0       0       0       0       0       0       0       0       0       0       0       0       0       0       0
      Temps:          1       0       0       0       0       0       0       0       0       0       0       0       0       0       0       0       0
      Totals:         7       0       0       0       0       0       0       0       0       0       0       0       0       0       0       0       0
Total ram usage:        7 bytes
 Hardware stack levels used:    1
 Hardware stack levels required when called:    4
 This function calls:
		_glcdDrawRectangle
 This function is called by:
		_draw_px_char
 This function uses a non-reentrant model


 *************** function ___awmod *****************
 Defined at:
		line 8 in file "/Applications/microchip/xc8/v1.45/sources/common/awmod.c"
 Parameters:    Size  Location     Type
  dividend        2    0[COMRAM] int 
  divisor         2    2[COMRAM] int 
 Auto vars:     Size  Location     Type
  sign            1    5[COMRAM] unsigned char 
  counter         1    4[COMRAM] unsigned char 
 Return value:  Size  Location     Type
                  2    0[COMRAM] int 
 Registers used:
		wreg, status,2, status,0
 Tracked objects:
		On entry : 
		On exit  : 
		Unchanged: 
 Data sizes:     COMRAM   BANK0   BANK1   BANK2   BANK3   BANK4   BANK5   BANK6   BANK7   BANK8   BANK9  BANK10  BANK11  BANK12  BANK13  BANK14  BANK15
      Params:         4       0       0       0       0       0       0       0       0       0       0       0       0       0       0       0       0
      Locals:         2       0       0       0       0       0       0       0       0       0       0       0       0       0       0       0       0
      Temps:          0       0       0       0       0       0       0       0       0       0       0       0       0       0       0       0       0
      Totals:         6       0       0       0       0       0       0       0       0       0       0       0       0       0       0       0       0
Total ram usage:        6 bytes
 Hardware stack levels used:    1
 This function calls:
		Nothing
 This function is called by:
		_draw_px_char
		_main
 This function uses a non-reentrant model


 *************** function ___awdiv *****************
 Defined at:
		line 8 in file "/Applications/microchip/xc8/v1.45/sources/common/awdiv.c"
 Parameters:    Size  Location     Type
  dividend        2    6[COMRAM] int 
  divisor         2    8[COMRAM] int 
 Auto vars:     Size  Location     Type
  quotient        2   12[COMRAM] int 
  sign            1   11[COMRAM] unsigned char 
  counter         1   10[COMRAM] unsigned char 
 Return value:  Size  Location     Type
                  2    6[COMRAM] int 
 Registers used:
		wreg, status,2, status,0
 Tracked objects:
		On entry : 
		On exit  : 
		Unchanged: 
 Data sizes:     COMRAM   BANK0   BANK1   BANK2   BANK3   BANK4   BANK5   BANK6   BANK7   BANK8   BANK9  BANK10  BANK11  BANK12  BANK13  BANK14  BANK15
      Params:         4       0       0       0       0       0       0       0       0       0       0       0       0       0       0       0       0
      Locals:         4       0       0       0       0       0       0       0       0       0       0       0       0       0       0       0       0
      Temps:          0       0       0       0       0       0       0       0       0       0       0       0       0       0       0       0       0
      Totals:         8       0       0       0       0       0       0       0       0       0       0       0       0       0       0       0       0
Total ram usage:        8 bytes
 Hardware stack levels used:    1
 This function calls:
		Nothing
 This function is called by:
		_draw_px_char
		_main
 This function uses a non-reentrant model


 *************** function _init *****************
 Defined at:
		line 21 in file "main.c"
 Parameters:    Size  Location     Type
		None
 Auto vars:     Size  Location     Type
		None
 Return value:  Size  Location     Type
                  1    wreg      void 
 Registers used:
		wreg, status,2, status,0, tblptrl, tblptrh, tblptru, prodl, prodh, cstack
 Tracked objects:
		On entry : 
		On exit  : 
		Unchanged: 
 Data sizes:     COMRAM   BANK0   BANK1   BANK2   BANK3   BANK4   BANK5   BANK6   BANK7   BANK8   BANK9  BANK10  BANK11  BANK12  BANK13  BANK14  BANK15
      Params:         0       0       0       0       0       0       0       0       0       0       0       0       0       0       0       0       0
      Locals:         0       0       0       0       0       0       0       0       0       0       0       0       0       0       0       0       0
      Temps:          0       0       0       0       0       0       0       0       0       0       0       0       0       0       0       0       0
      Totals:         0       0       0       0       0       0       0       0       0       0       0       0       0       0       0       0       0
Total ram usage:        0 bytes
 Hardware stack levels used:    1
 Hardware stack levels required when called:    5
 This function calls:
		_initGLCD
 This function is called by:
		_main
 This function uses a non-reentrant model


 *************** function _initGLCD *****************
 Defined at:
		line 238 in file "GLCD_PIC_V1.1.c"
 Parameters:    Size  Location     Type
		None
 Auto vars:     Size  Location     Type
		None
 Return value:  Size  Location     Type
                  1    wreg      void 
 Registers used:
		wreg, status,2, status,0, tblptrl, tblptrh, tblptru, prodl, prodh, cstack
 Tracked objects:
		On entry : 
		On exit  : 
		Unchanged: 
 Data sizes:     COMRAM   BANK0   BANK1   BANK2   BANK3   BANK4   BANK5   BANK6   BANK7   BANK8   BANK9  BANK10  BANK11  BANK12  BANK13  BANK14  BANK15
      Params:         0       0       0       0       0       0       0       0       0       0       0       0       0       0       0       0       0
      Locals:         0       0       0       0       0       0       0       0       0       0       0       0       0       0       0       0       0
      Temps:          2       0       0       0       0       0       0       0       0       0       0       0       0       0       0       0       0
      Totals:         2       0       0       0       0       0       0       0       0       0       0       0       0       0       0       0       0
Total ram usage:        2 bytes
 Hardware stack levels used:    1
 Hardware stack levels required when called:    4
 This function calls:
		_glcdDrawRectangle
		_glcdSetCOLMOD
		_glcdTransfer
		_spiInit
 This function is called by:
		_init
 This function uses a non-reentrant model


 *************** function _spiInit *****************
 Defined at:
		line 54 in file "SPI_PIC.c"
 Parameters:    Size  Location     Type
  divider         1    wreg     unsigned char 
 Auto vars:     Size  Location     Type
  divider         1    0[COMRAM] unsigned char 
 Return value:  Size  Location     Type
                  1    wreg      void 
 Registers used:
		wreg, status,2, status,0
 Tracked objects:
		On entry : 
		On exit  : 
		Unchanged: 
 Data sizes:     COMRAM   BANK0   BANK1   BANK2   BANK3   BANK4   BANK5   BANK6   BANK7   BANK8   BANK9  BANK10  BANK11  BANK12  BANK13  BANK14  BANK15
      Params:         0       0       0       0       0       0       0       0       0       0       0       0       0       0       0       0       0
      Locals:         1       0       0       0       0       0       0       0       0       0       0       0       0       0       0       0       0
      Temps:          0       0       0       0       0       0       0       0       0       0       0       0       0       0       0       0       0
      Totals:         1       0       0       0       0       0       0       0       0       0       0       0       0       0       0       0       0
Total ram usage:        1 bytes
 Hardware stack levels used:    1
 This function calls:
		Nothing
 This function is called by:
		_initGLCD
 This function uses a non-reentrant model


 *************** function _glcdSetCOLMOD *****************
 Defined at:
		line 167 in file "GLCD_PIC_V1.1.c"
 Parameters:    Size  Location     Type
  numBitsPerPi    1    wreg     unsigned char 
 Auto vars:     Size  Location     Type
  numBitsPerPi    1    6[COMRAM] unsigned char 
  rawData         2    7[COMRAM] unsigned short 
 Return value:  Size  Location     Type
                  1    wreg      void 
 Registers used:
		wreg, status,2, status,0, tblptrl, tblptrh, tblptru, cstack
 Tracked objects:
		On entry : 
		On exit  : 
		Unchanged: 
 Data sizes:     COMRAM   BANK0   BANK1   BANK2   BANK3   BANK4   BANK5   BANK6   BANK7   BANK8   BANK9  BANK10  BANK11  BANK12  BANK13  BANK14  BANK15
      Params:         0       0       0       0       0       0       0       0       0       0       0       0       0       0       0       0       0
      Locals:         3       0       0       0       0       0       0       0       0       0       0       0       0       0       0       0       0
      Temps:          0       0       0       0       0       0       0       0       0       0       0       0       0       0       0       0       0
      Totals:         3       0       0       0       0       0       0       0       0       0       0       0       0       0       0       0       0
Total ram usage:        3 bytes
 Hardware stack levels used:    1
 Hardware stack levels required when called:    3
 This function calls:
		_glcdTransfer
 This function is called by:
		_initGLCD
 This function uses a non-reentrant model


 *************** function _glcdDrawRectangle *****************
 Defined at:
		line 38 in file "GLCD_PIC_V1.1.c"
 Parameters:    Size  Location     Type
  XS              1    wreg     unsigned char 
  XE              1    6[COMRAM] unsigned char 
  YS              1    7[COMRAM] unsigned char 
  YE              1    8[COMRAM] unsigned char 
  color           4    9[COMRAM] unsigned long 
 Auto vars:     Size  Location     Type
  XS              1   24[COMRAM] unsigned char 
  i               2   19[COMRAM] unsigned short 
  colorData       3   21[COMRAM] unsigned char [3]
  numLoops        2   17[COMRAM] unsigned short 
 Return value:  Size  Location     Type
                  1    wreg      void 
 Registers used:
		wreg, status,2, status,0, tblptrl, tblptrh, tblptru, prodl, prodh, cstack
 Tracked objects:
		On entry : 
		On exit  : 
		Unchanged: 
 Data sizes:     COMRAM   BANK0   BANK1   BANK2   BANK3   BANK4   BANK5   BANK6   BANK7   BANK8   BANK9  BANK10  BANK11  BANK12  BANK13  BANK14  BANK15
      Params:         7       0       0       0       0       0       0       0       0       0       0       0       0       0       0       0       0
      Locals:         8       0       0       0       0       0       0       0       0       0       0       0       0       0       0       0       0
      Temps:          4       0       0       0       0       0       0       0       0       0       0       0       0       0       0       0       0
      Totals:        19       0       0       0       0       0       0       0       0       0       0       0       0       0       0       0       0
Total ram usage:       19 bytes
 Hardware stack levels used:    1
 Hardware stack levels required when called:    3
 This function calls:
		___wmul
		_glcdTransfer
		_spiSend
 This function is called by:
		_main
		_glcdDrawPixel
		_initGLCD
 This function uses a non-reentrant model


 *************** function _glcdTransfer *****************
 Defined at:
		line 18 in file "GLCD_PIC_V1.1.c"
 Parameters:    Size  Location     Type
  byte            1    wreg     unsigned char 
  cmd             1    3[COMRAM] unsigned char 
 Auto vars:     Size  Location     Type
  byte            1    5[COMRAM] unsigned char 
 Return value:  Size  Location     Type
                  1    wreg      void 
 Registers used:
		wreg, status,2, status,0, cstack
 Tracked objects:
		On entry : 
		On exit  : 
		Unchanged: 
 Data sizes:     COMRAM   BANK0   BANK1   BANK2   BANK3   BANK4   BANK5   BANK6   BANK7   BANK8   BANK9  BANK10  BANK11  BANK12  BANK13  BANK14  BANK15
      Params:         1       0       0       0       0       0       0       0       0       0       0       0       0       0       0       0       0
      Locals:         1       0       0       0       0       0       0       0       0       0       0       0       0       0       0       0       0
      Temps:          1       0       0       0       0       0       0       0       0       0       0       0       0       0       0       0       0
      Totals:         3       0       0       0       0       0       0       0       0       0       0       0       0       0       0       0       0
Total ram usage:        3 bytes
 Hardware stack levels used:    1
 Hardware stack levels required when called:    2
 This function calls:
		_spiSend
 This function is called by:
		_glcdDrawRectangle
		_glcdSetCOLMOD
		_initGLCD
		_glcdSetOrigin
 This function uses a non-reentrant model


 *************** function _spiSend *****************
 Defined at:
		line 33 in file "SPI_PIC.c"
 Parameters:    Size  Location     Type
  val             1    wreg     unsigned char 
 Auto vars:     Size  Location     Type
  val             1    2[COMRAM] unsigned char 
 Return value:  Size  Location     Type
                  1    wreg      void 
 Registers used:
		wreg, status,2, cstack
 Tracked objects:
		On entry : 
		On exit  : 
		Unchanged: 
 Data sizes:     COMRAM   BANK0   BANK1   BANK2   BANK3   BANK4   BANK5   BANK6   BANK7   BANK8   BANK9  BANK10  BANK11  BANK12  BANK13  BANK14  BANK15
      Params:         0       0       0       0       0       0       0       0       0       0       0       0       0       0       0       0       0
      Locals:         1       0       0       0       0       0       0       0       0       0       0       0       0       0       0       0       0
      Temps:          0       0       0       0       0       0       0       0       0       0       0       0       0       0       0       0       0
      Totals:         1       0       0       0       0       0       0       0       0       0       0       0       0       0       0       0       0
Total ram usage:        1 bytes
 Hardware stack levels used:    1
 Hardware stack levels required when called:    1
 This function calls:
		_spiTransfer
 This function is called by:
		_glcdTransfer
		_glcdDrawRectangle
 This function uses a non-reentrant model


 *************** function _spiTransfer *****************
 Defined at:
		line 12 in file "SPI_PIC.c"
 Parameters:    Size  Location     Type
  byteToTransf    1    wreg     unsigned char 
 Auto vars:     Size  Location     Type
  byteToTransf    1    1[COMRAM] unsigned char 
 Return value:  Size  Location     Type
                  1    wreg      unsigned char 
 Registers used:
		wreg, status,2
 Tracked objects:
		On entry : 
		On exit  : 
		Unchanged: 
 Data sizes:     COMRAM   BANK0   BANK1   BANK2   BANK3   BANK4   BANK5   BANK6   BANK7   BANK8   BANK9  BANK10  BANK11  BANK12  BANK13  BANK14  BANK15
      Params:         0       0       0       0       0       0       0       0       0       0       0       0       0       0       0       0       0
      Locals:         1       0       0       0       0       0       0       0       0       0       0       0       0       0       0       0       0
      Temps:          1       0       0       0       0       0       0       0       0       0       0       0       0       0       0       0       0
      Totals:         2       0       0       0       0       0       0       0       0       0       0       0       0       0       0       0       0
Total ram usage:        2 bytes
 Hardware stack levels used:    1
 This function calls:
		Nothing
 This function is called by:
		_spiSend
		_spiReceive
 This function uses a non-reentrant model


 *************** function ___wmul *****************
 Defined at:
		line 15 in file "/Applications/microchip/xc8/v1.45/sources/common/Umul16.c"
 Parameters:    Size  Location     Type
  multiplier      2    0[COMRAM] unsigned int 
  multiplicand    2    2[COMRAM] unsigned int 
 Auto vars:     Size  Location     Type
  product         2    4[COMRAM] unsigned int 
 Return value:  Size  Location     Type
                  2    0[COMRAM] unsigned int 
 Registers used:
		wreg, status,2, status,0, prodl, prodh
 Tracked objects:
		On entry : 
		On exit  : 
		Unchanged: 
 Data sizes:     COMRAM   BANK0   BANK1   BANK2   BANK3   BANK4   BANK5   BANK6   BANK7   BANK8   BANK9  BANK10  BANK11  BANK12  BANK13  BANK14  BANK15
      Params:         4       0       0       0       0       0       0       0       0       0       0       0       0       0       0       0       0
      Locals:         2       0       0       0       0       0       0       0       0       0       0       0       0       0       0       0       0
      Temps:          0       0       0       0       0       0       0       0       0       0       0       0       0       0       0       0       0
      Totals:         6       0       0       0       0       0       0       0       0       0       0       0       0       0       0       0       0
Total ram usage:        6 bytes
 Hardware stack levels used:    1
 This function calls:
		Nothing
 This function is called by:
		_main
		_glcdDrawRectangle
		_print_px_string
 This function uses a non-reentrant model



MODULE INFORMATION

Module		Function		Class		Link	Load	Size
px_ascii.c
		_px_map        		CODE           	E46E	0000	6485
		_print_px_char 		CODE           	D5C6	0000	51
		_new_px_char   		CODE           	D5F8	0000	53
		_print_px_string		CODE           	D816	0000	169

px_ascii.c estimated size: 6758

/Applications/microchip/xc8/v1.45/sources/common/awmod.c
		___awmod       		CODE           	D722	0000	113

/Applications/microchip/xc8/v1.45/sources/common/awmod.c estimated size: 113

/Applications/microchip/xc8/v1.45/sources/common/awdiv.c
		___awdiv       		CODE           	D792	0000	133

/Applications/microchip/xc8/v1.45/sources/common/awdiv.c estimated size: 133

/Applications/microchip/xc8/v1.45/sources/common/Umul16.c
		___wmul        		CODE           	D51A	0000	39

/Applications/microchip/xc8/v1.45/sources/common/Umul16.c estimated size: 39

SPI_PIC.c
		_spiTransfer   		CODE           	D4F6	0000	37
		_spiInit       		CODE           	D62C	0000	57
		_spiSend       		CODE           	D4D4	0000	11

SPI_PIC.c estimated size: 105

shared
		GLCD_PIC@INST_DISPON		MEDIUMCONST    	FFB9	0000	2
		GLCD_PIC@INST_PWCTR5		MEDIUMCONST    	FFA6	0000	2
		_INST_TEON     		MEDIUMCONST    	0000	0000	0
		_INST_TEOFF    		MEDIUMCONST    	0000	0000	0
		GLCD_PIC@INST_GAMSET		MEDIUMCONST    	FFBB	0000	2
		_INST_PWCTR1   		MEDIUMCONST    	0000	0000	0
		_INST_PWCTR2   		MEDIUMCONST    	0000	0000	0
		_INST_PWCTR3   		MEDIUMCONST    	0000	0000	0
		_INST_PWCTR4   		MEDIUMCONST    	0000	0000	0
		_INST_PWCTR5   		MEDIUMCONST    	0000	0000	0
		_INST_COLMOD   		MEDIUMCONST    	0000	0000	0
		_INDIGO        		MEDIUMCONST    	FF80	0000	5
		_INST_SWRESET  		MEDIUMCONST    	0000	0000	0
		GLCD_PIC@INST_NOP		MEDIUMCONST    	0000	0000	0
		_ORANGE        		MEDIUMCONST    	FF90	0000	5
		GLCD_PIC@INST_INVCTR		MEDIUMCONST    	FFAB	0000	2
		_INST_FRMCTR1  		MEDIUMCONST    	0000	0000	0
		_INST_FRMCTR2  		MEDIUMCONST    	0000	0000	0
		_INST_FRMCTR3  		MEDIUMCONST    	0000	0000	0
		_GLCD_ADDRESSABLE_SIZE_HORZ		MEDIUMCONST    	FFE7	0000	2
		_GREY          		MEDIUMCONST    	FF9C	0000	5
		_INST_VMCTR1   		MEDIUMCONST    	0000	0000	0
		_VIOLET        		MEDIUMCONST    	FF7C	0000	5
		_INST_DISPON   		MEDIUMCONST    	0000	0000	0
		_INST_VMOFCTR2 		MEDIUMCONST    	0000	0000	0
		_INST_DISPOFF  		MEDIUMCONST    	0000	0000	0
		GLCD_PIC@INST_TEOFF		MEDIUMCONST    	0000	0000	0
		_RED           		MEDIUMCONST    	FF94	0000	5
		GLCD_PIC@INST_FRMCTR1		MEDIUMCONST    	FFAE	0000	2
		GLCD_PIC@INST_SLPOUT		MEDIUMCONST    	FFC0	0000	2
		GLCD_PIC@INST_IDMOFF		MEDIUMCONST    	FFB1	0000	2
		_INST_CASET    		MEDIUMCONST    	0000	0000	0
		_INST_INVON    		MEDIUMCONST    	0000	0000	0
		GLCD_PIC@INST_FRMCTR2		MEDIUMCONST    	FFAD	0000	2
		_INST_INVOFF   		MEDIUMCONST    	0000	0000	0
		_INST_INVCTR   		MEDIUMCONST    	0000	0000	0
		__initialization		CODE           	D568	0000	35
		GLCD_PIC@INST_INVOFF		MEDIUMCONST    	FFBD	0000	2
		_INST_SLPIN    		MEDIUMCONST    	0000	0000	0
		_GLCD_SIZE_VERT		MEDIUMCONST    	FFE4	0000	2
		_INST_SLPOUT   		MEDIUMCONST    	0000	0000	0
		GLCD_PIC@INST_COLMOD		MEDIUMCONST    	FFAF	0000	2
		_GLCD_SIZE_HORZ		MEDIUMCONST    	FFE5	0000	2
		GLCD_PIC@INST_FRMCTR3		MEDIUMCONST    	FFAC	0000	2
		_INST_IDMON    		MEDIUMCONST    	0000	0000	0
		GLCD_PIC@INST_PTLAR		MEDIUMCONST    	0000	0000	0
		GLCD_PIC@INST_VMOFCTR2		MEDIUMCONST    	0000	0000	0
		_INST_IDMOFF   		MEDIUMCONST    	0000	0000	0
		GLCD_PIC@INST_SLPIN		MEDIUMCONST    	0000	0000	0
		GLCD_PIC@INST_IDMON		MEDIUMCONST    	0000	0000	0
		_INST_RASET    		MEDIUMCONST    	0000	0000	0
		_INST_RAMWR    		MEDIUMCONST    	0000	0000	0
		GLCD_PIC@INST_CASET		MEDIUMCONST    	FFB8	0000	2
		GLCD_PIC@INST_PTLON		MEDIUMCONST    	0000	0000	0
		GLCD_PIC@INST_RASET		MEDIUMCONST    	FFB7	0000	2
		GLCD_PIC@INST_NORON		MEDIUMCONST    	FFBE	0000	2
		GLCD_PIC@INST_INVON		MEDIUMCONST    	0000	0000	0
		GLCD_PIC@INST_DISPOFF		MEDIUMCONST    	0000	0000	0
		_qr            		MEDIUMCONST    	FDC3	0000	442
		GLCD_PIC@INST_RAMWR		MEDIUMCONST    	FFB6	0000	2
		_WHITE         		MEDIUMCONST    	FF98	0000	5
		GLCD_PIC@INST_MADCTL		MEDIUMCONST    	FFB2	0000	2
		_YELLOW        		MEDIUMCONST    	FF8C	0000	5
		GLCD_PIC@INST_VMCTR1		MEDIUMCONST    	FFA5	0000	2
		_INST_GAMSET   		MEDIUMCONST    	0000	0000	0
		_INST_NOP      		MEDIUMCONST    	0000	0000	0
		_GLCD_ADDRESSABLE_SIZE_VERT		MEDIUMCONST    	FFE6	0000	2
		GLCD_PIC@INST_PWCTR1		MEDIUMCONST    	FFAA	0000	2
		_INST_NORON    		MEDIUMCONST    	0000	0000	0
		_BLACK         		MEDIUMCONST    	FFA0	0000	5
		GLCD_PIC@INST_SWRESET		MEDIUMCONST    	FFC2	0000	2
		GLCD_PIC@INST_PWCTR2		MEDIUMCONST    	FFA9	0000	2
		_INST_MADCTL   		MEDIUMCONST    	0000	0000	0
		_GREEN         		MEDIUMCONST    	FF88	0000	5
		GLCD_PIC@INST_PWCTR3		MEDIUMCONST    	FFA8	0000	2
		GLCD_PIC@INST_TEON		MEDIUMCONST    	0000	0000	0
		GLCD_PIC@INST_PWCTR4		MEDIUMCONST    	FFA7	0000	2
		_INST_PTLAR    		MEDIUMCONST    	0000	0000	0
		_INST_PTLON    		MEDIUMCONST    	0000	0000	0
		_BLUE          		MEDIUMCONST    	FF84	0000	5

shared estimated size: 579

GLCD_PIC_V1.1.c
		_glcdDrawPixel 		CODE           	D6B4	0000	111
		_glcdDrawRectangle		CODE           	DA00	0000	385
		_glcdSetCOLMOD 		CODE           	D664	0000	81
		_initGLCD      		CODE           	DB80	0000	781
		_glcdTransfer  		CODE           	D540	0000	41

GLCD_PIC_V1.1.c estimated size: 1399

main.c
		_init          		CODE           	D594	0000	51
		_main          		CODE           	DE8C	0000	1507
		_draw_px_char  		CODE           	D8BE	0000	323

main.c estimated size: 1881

